// Jest Snapshot v1, https://goo.gl/fbAQLP

exports[`<SidebarContent /> should render and match the snapshot 1`] = `
<div
  className="py-4 pt-0 text-gray-700 dark:text-gray-400"
>
  <ul
    className="mt-10 lg:mt-0 "
  >
    <li
      className="relative px-6 py-3 "
    >
      <NavLink
        className="hidden lg:block"
        to="/home"
      >
        <SvgIcon
          className="w-24 h-10 cursor-pointer lg:ml-0"
          icon="QardioLogoIcon"
        />
      </NavLink>
    </li>
    <li
      className="relative px-6 py-2"
    >
      <NavLink
        className="inline-flex items-center w-full text-sm font-semibold transition-colors duration-150"
        exact={true}
        to="/home"
      >
        <Route
          exact={true}
          path="/home"
        >
          <span
            className="absolute inset-y-0 left-0 w-1 bg-purple-700 rounded-tr-lg rounded-br-lg"
          />
        </Route>
        <SvgIcon
          className="w-5 h-5"
          icon="HomeIcon"
        />
        <span
          className="ml-4"
        >
          Home
        </span>
      </NavLink>
    </li>
  </ul>
</div>
`;
